########## FACT_AGO_Cobradas
   "ClienteLA ESPADA DE ORO, C.",
   "Monto facturado97,29 US$",
   "Saldo pendiente-",
   "Vencimiento",
   "Monto conv.N/A BS",
   "Tasa conv.N/A",
   "Adjuntos"
  ],
  [
   "DetalleConsultar",
   "TipoFacturas cobradas",
   "Código facturación20096425",
   "Fecha facturación31/08/2026 00:00:00",
   "VendedorVIVIANA ESCALANTE",
   "ClienteINVERSIONES VV18,C.A",
   "Monto facturado44,61 US$",
   "Saldo pendiente-",
   "Vencimiento",
   "Monto conv.N/A BS",
   "Tasa conv.N/A",
   "Adjuntos"
  ],
  [
   "DetalleConsultar",
   "TipoFacturas cobradas",
   "Código facturación20096424",
   "Fecha facturación31/08/2026 00:00:00",
   "VendedorYENNI ALVAREZ",
   "ClienteRESTAURANT LUNCHERIA",
   "Monto facturado65,55 US$",
   "Saldo pendiente-",
   "Vencimiento",
   "Monto conv.N/A BS",
   "Tasa conv.N/A",
   "Adjuntos"
  ]
 ],
 "conT": 0,
 "codigosT": []
}
########## FACT_AGO_Consol
   "ClienteINVERSIONES VV18,C.A",
   "Monto facturado44,61 US$",
   "Saldo pendiente-",
   "Vencimiento",
   "Monto conv.N/A BS",
   "Tasa conv.N/A",
   "Adjuntos"
  ],
  [
   "DetalleConsultar",
   "TipoFacturas cobradas",
   "Código facturación20096424",
   "Fecha facturación31/08/2026 00:00:00",
   "VendedorYENNI ALVAREZ",
   "ClienteRESTAURANT LUNCHERIA",
   "Monto facturado65,55 US$",
   "Saldo pendiente-",
   "Vencimiento",
   "Monto conv.N/A BS",
   "Tasa conv.N/A",
   "Adjuntos"
  ],
  [
   "DetalleConsultar",
   "TipoFacturas cobradas",
   "Código facturación20096423",
   "Fecha facturación31/08/2026 00:00:00",
   "VendedorVIVIANA ESCALANTE",
   "ClienteCOMERCIAL ALBALIZ 19",
   "Monto facturado494,69 US$",
   "Saldo pendiente-",
   "Vencimiento",
   "Monto conv.N/A BS",
   "Tasa conv.N/A",
   "Adjuntos"
  ]
 ],
 "conT": 0,
 "codigosT": []
}
########## FACT_AGO_Pend
   "ClienteLA ESPADA DE ORO, C.",
   "Monto facturado97,29 US$",
   "Saldo pendiente97,29",
   "Vencimiento03/09/2026",
   "Monto conv.N/A BS",
   "Tasa conv.N/A",
   "Adjuntos"
  ],
  [
   "DetalleConsultar",
   "TipoPendientes por cobrar",
   "Código facturaciónFACT20096421",
   "Fecha facturación31/08/2026 00:00:00",
   "VendedorVIVIANA ESCALANTE",
   "ClienteALFREDO LUIS ALVES F",
   "Monto facturado26,88 US$",
   "Saldo pendiente26,88",
   "Vencimiento03/09/2026",
   "Monto conv.N/A BS",
   "Tasa conv.N/A",
   "Adjuntos"
  ],
  [
   "DetalleConsultar",
   "TipoPendientes por cobrar",
   "Código facturaciónFACT20096420",
   "Fecha facturación31/08/2026 00:00:00",
   "VendedorVIVIANA ESCALANTE",
   "ClienteSUPERMERCADO SUERTE",
   "Monto facturado944,70 US$",
   "Saldo pendiente944,70",
   "Vencimiento03/09/2026",
   "Monto conv.N/A BS",
   "Tasa conv.N/A",
   "Adjuntos"
  ]
 ],
 "conT": 0,
 "codigosT": []
}
########## FACT_SEP_Cobradas
   "ClienteERIK RAFAEL PEREIRA",
   "Monto facturado179,97 US$",
   "Saldo pendiente-",
   "Vencimiento",
   "Monto conv.N/A BS",
   "Tasa conv.N/A",
   "Adjuntos"
  ],
  [
   "DetalleConsultar",
   "TipoFacturas cobradas",
   "Código facturación20097430",
   "Fecha facturación11/09/2026 00:00:00",
   "VendedorVIVIANA ESCALANTE",
   "ClienteINVERSIONES JIRET 20",
   "Monto facturado71,64 US$",
   "Saldo pendiente-",
   "Vencimiento",
   "Monto conv.N/A BS",
   "Tasa conv.N/A",
   "Adjuntos"
  ],
  [
   "DetalleConsultar",
   "TipoFacturas cobradas",
   "Código facturación20097429",
   "Fecha facturación11/09/2026 00:00:00",
   "VendedorMIGUEL PARRA",
   "ClienteSUPERMERCADOS HONG K",
   "Monto facturado537,93 US$",
   "Saldo pendiente-",
   "Vencimiento",
   "Monto conv.N/A BS",
   "Tasa conv.N/A",
   "Adjuntos"
  ]
 ],
 "conT": 0,
 "codigosT": []
}
########## FACT_AGO_Cobr_30
   "ClienteSAHAR RABH DE RABAH",
   "Monto facturado78,30 US$",
   "Saldo pendiente-",
   "Vencimiento",
   "Monto conv.N/A BS",
   "Tasa conv.N/A",
   "Adjuntos"
  ],
  [
   "DetalleConsultar",
   "TipoFacturas cobradas",
   "Código facturación15639",
   "Fecha facturación28/08/2026 00:00:00",
   "VendedorVIVIANA ESCALANTE",
   "ClientePANADERiA, PASTELERi",
   "Monto facturado728,06 US$",
   "Saldo pendiente-",
   "Vencimiento",
   "Monto conv.N/A BS",
   "Tasa conv.N/A",
   "Adjuntos"
  ],
  [
   "DetalleConsultar",
   "TipoFacturas cobradas",
   "Código facturación20096314",
   "Fecha facturación28/08/2026 00:00:00",
   "VendedorVIVIANA ESCALANTE",
   "ClienteSUPERMERCADO WU 2020",
   "Monto facturado621,76 US$",
   "Saldo pendiente-",
   "Vencimiento",
   "Monto conv.N/A BS",
   "Tasa conv.N/A",
   "Adjuntos"
  ]
 ],
 "conT": 0,
 "codigosT": []
}
########## FACT_AGO_Viviana
   "ClienteLA ESPADA DE ORO, C.",
   "Monto facturado97,29 US$",
   "Saldo pendiente-",
   "Vencimiento",
   "Monto conv.N/A BS",
   "Tasa conv.N/A",
   "Adjuntos"
  ],
  [
   "DetalleConsultar",
   "TipoFacturas cobradas",
   "Código facturación20096425",
   "Fecha facturación31/08/2026 00:00:00",
   "VendedorVIVIANA ESCALANTE",
   "ClienteINVERSIONES VV18,C.A",
   "Monto facturado44,61 US$",
   "Saldo pendiente-",
   "Vencimiento",
   "Monto conv.N/A BS",
   "Tasa conv.N/A",
   "Adjuntos"
  ],
  [
   "DetalleConsultar",
   "TipoFacturas cobradas",
   "Código facturación20096423",
   "Fecha facturación31/08/2026 00:00:00",
   "VendedorVIVIANA ESCALANTE",
   "ClienteCOMERCIAL ALBALIZ 19",
   "Monto facturado494,69 US$",
   "Saldo pendiente-",
   "Vencimiento",
   "Monto conv.N/A BS",
   "Tasa conv.N/A",
   "Adjuntos"
  ]
 ],
 "conT": 0,
 "codigosT": []
}
