########## IND_Vendedores_AGO_Fact
node:internal/process/promises:394
    triggerUncaughtException(err, true /* fromPromise */);
    ^

elementHandle.click: Element is not attached to the DOM
Call log:
[2m  - attempting click action[22m
[2m    - waiting for element to be visible, enabled and stable[22m
[2m    - element is not stable[22m
[2m  - retrying click action[22m
[2m    - waiting for element to be visible, enabled and stable[22m

    at pick (C:\Users\Personal\OneDrive\Documentos\kiberno\DenarioPremium\DenarioPremiunMovil\qa-piloto-automatizacion\automation\reports\insumar\tres_modulos_20260915\_drv.js:22:12)
    at {
 "tag": "IND_Clientes_AGO_Fact",
 "ruta": "C:/Program Files/Git/pages/pedidosClientes",
 "llegada": "3:OK",
 "clicked": true,
 "steps": [
  "cumplimiento:true",
  "idCurrency:true"
 ],
 "pre": {
  "cumplimiento": "Facturado",
  "idCurrency": "Currency-US$",
  "vendedor": "Todos",
  "dateB": "01/08/2026",
  "dateF": "31/08/2026"
 },
 "err": null,
 "util": "View Case Log\nCLose Store\nTamas Bunce\nOlivia Arribas\nThe analysis of satellite data has revealed the astounding loss of ice in just a few months of abn{
 "tag": "IND_Vendedores_SEP_Fact",
 "ruta": "/pages/pedidosVendedores",
 "llegada": "1:OK",
 "clicked": true,
 "steps": [
  "vendedor:true",
  "cumplimiento:true",
  "idCurrency:true"
 ],
 "pre": {
  "cumplimiento": "Facturado",
  "idCurrency": "Currency-US$",
  "vendedor": "Todos",
  "dateB": "01/09/2026",
  "dateF": "14/09/2026"
 },
 "err": null,
 "util": "View Case Log\nCLose Store\nTamas Bunce\nOlivia Arribas\nThe analysis of satellite data has revealed the astounding loss of ice in just a few months of abnormally high...\n3 mins ago\nLast year was the hottest on record for the Arctic, with the annual.\n23 mins ago\nMinimum extent of sea ice in the region its second-lowest on record.\n24 mins ago\nRight… Right my friend. This is better. Right? Right my friend… 🏄‍♂️\n25 mins ago\nui-button\nui-button\nui-button\nDenario Premium Configuración\nVisualizar el Dashboard principal por Pedidos o Facturaciones.\nDenario ofrece 2 temas diferentes para la visualización de la app web.\nCumplimiento\nPedido\nFacturado\nPedido\nTemas\nClásico\nOscuro\nFiltros\nINSUMAR DISTRIBUIDORA 715, C.A.\nINSUMAR DISTRIBUIDORA 715, C.A.\nTodos\nALEJANDRA RODRIGUEZ\nEVA MEDINA\nLEANDRO REBOLLEDO\nMARIA JOSE PEREZ\nMIGUEL PARRA\nVIVIANA ESCALANTE\nYENNI ALVAREZ\nTodos\nFecha Inicio\nFecha Final\nPedido\nFacturado\nFacturado\nBS\nUS$\nBULTO\nDISPLAY\nKILOGRAMOS\nUNIDADES\nUS$\nBuscar\nDetalle de Transacciones\nCobertura vendedor: Todos\nTotal de Clientes: 842\nCantidad y monto Facturado por vendedor\nVendedor\tPedidos\tMonto Total\nNo existe registro\n% Participación Top 10 Cantidad Facturado\n% Participación Top 10 Total Facturado US$\nPowered by kiberno ©2026 www.denario.net",
 "grid": null,
 "tablas": [
  {
   "id": "form:j_idt151",
   "n": 1
  }
 ],
 "total": null,
 "menciona_transportista": false
}
########## IND_Pedidos_2026_Fact
{
 "tag": "IND_Pedidos_2026_Fact",
 "ruta": "/pages/indicadoresPedidos",
 "llegada": "1:OK",
 "clicked": true,
 "steps": [
  "cumplimiento:true",
  "idCurrency:true"
 ],
 "pre": {
  "cumplimiento": "Facturado",
  "idCurrency": "Currency-US$",
  "anio1": "2026",
  "visualizacion": "solo"
 },
 "err": null,
 "util": "View Case Log\nCLose Store\nTamas Bunce\nOlivia Arribas\nThe analysis of satellite data has revealed the astounding loss of ice in just a few months of abnormally high...\n3 mins ago\nLast year was the hottest on record for the Arctic, with the annual.\n23 mins ago\nMinimum extent of sea ice in the region its second-lowest on record.\n24 mins ago\nRight… Right my friend. This is better. Right? Right my friend… 🏄‍♂️\n25 mins ago\nui-button\nui-button\nui-button\nDenario Premium Configuración\nVisualizar el Dashboard principal por Pedidos o Facturaciones.\nDenario ofrece 2 temas diferentes para la visualización de la app web.\nCumplimiento\nPedido\nFacturado\nPedido\nTemas\nClásico\nOscuro\nFiltros\nINSUMAR DISTRIBUIDORA 715, C.A.\nINSUMAR DISTRIBUIDORA 715, C.A.\nUn solo año\nComparativo\nUn solo año\n2018\n2019\n2020\n2021\n2022\n2023\n2024\n2025\n2026\n2027\n2028\n2029\n2030\n2026\nPedido\nFacturado\nFacturado\nBS\nUS$\nBULTO\nDISPLAY\nKILOGRAMOS\nUNIDADES\nUS$\nBuscar\nDetalle de Transacciones\nMonto Total Facturado 2026: 1.733.804,89 US$\nMonto Facturado por mes\nCantidad y monto Facturado por vendedor\nVendedor\tCantidad facturados\tmonto total facturado\nVIVIANA ESCALANTE\t2581\t620.124,82 US$\nLEANDRO REBOLLEDO\t2093\t306.845,1 US$\nMIGUEL PARRA\t1345\t294.045,08 US$\nALEJANDRA RODRIGUEZ\t935\t290.655,32 US$\nYENNI ALVAREZ\t1307\t222.134,57 US$\n% Participación Top 10 Cantidad Facturado\n% Participación Top 10 Total Facturado US$\nPowered by kiberno ©2026 www.denario.net",
 "grid": null,
 "tablas": [
  {
   "id": "form:tablaFacturados",
   "n": 5
  }
 ],
 "total": null,
 "menciona_transportista": false
}
########## IND_Participacion_AGO
node:internal/process/promises:394
    triggerUncaughtException(err, true /* fromPromise */);
    ^

elementHandle.click: Element is not attached to the DOM
Call log:
[2m  - attempting click action[22m
[2m    - waiting for element to be visible, enabled and stable[22m

    at pick (C:\Users\Personal\OneDrive\Documentos\kiberno\DenarioPremium\DenarioPremiunMovil\qa-piloto-automatizacion\automation\reports\insumar\tres_modulos_20260915\_drv.js:22:12)
    at async C:\Users\Personal\OneDrive\Documentos\kiberno\DenarioPremium\DenarioPremiunMovil\qa-piloto-automatizacion\automation\reports\insumar\tres_modulos_20260915\medir-ind.js:33:26 {
  log: [
    '  - attempting click action',
    '    - waiting for element to be visible, enabled and stable'
  ],
  name: 'Error'
}

Node.js v22.22.2
########## IND_Clientes_AGO_Fact
{
 "tag": "IND_Clientes_AGO_Fact",
 "ruta": "/pages/pedidosClientes",
 "llegada": "1:OK",
 "clicked": true,
 "steps": [
  "cumplimiento:true",
  "idCurrency:true"
 ],
 "pre": {
  "cumplimiento": "Facturado",
  "idCurrency": "Currency-US$",
  "dateB": "01/08/2026",
  "dateF": "31/08/2026"
 },
 "err": null,
 "util": "View Case Log\nCLose Store\nTamas Bunce\nOlivia Arribas\nThe analysis of satellite data has revealed the astounding loss of ice in just a few months of abnormally high...\n3 mins ago\nLast year was the hottest on record for the Arctic, with the annual.\n23 mins ago\nMinimum extent of sea ice in the region its second-lowest on record.\n24 mins ago\nRight… Right my friend. This is better. Right? Right my friend… 🏄‍♂️\n25 mins ago\nui-button\nui-button\nui-button\nDenario Premium Configuración\nVisualizar el Dashboard principal por Pedidos o Facturaciones.\nDenario ofrece 2 temas diferentes para la visualización de la app web.\nCumplimiento\nPedido\nFacturado\nPedido\nTemas\nClásico\nOscuro\nFiltros\nINSUMAR DISTRIBUIDORA 715, C.A.\nINSUMAR DISTRIBUIDORA 715, C.A.\nFecha Inicio\nFecha Final\nPedido\nFacturado\nFacturado\nBS\nUS$\nBULTO\nDISPLAY\nKILOGRAMOS\nUNIDADES\nUS$\nBuscar\nDetalle de Transacciones\n% de participación del TOP 10 de clientes\nTop 10 Total Facturado por cliente\n% de participación del TOP 10 canales de distribución\nTop 10 Total Facturado por canales de distribución\nPowered by kiberno ©2026 www.denario.net",
 "grid": null,
 "tablas": [],
 "total": null,
 "menciona_transportista": false
}
